// Jest Snapshot v1, https://goo.gl/fbAQLP

exports[`<FileUploader /> render() render the FileUploader component 1`] = `
<div
  className="ce-file-uploader"
  style={Object {}}
>
  <input
    accept=""
    disabled={false}
    form=""
    id="test"
    multiple={false}
    name="test"
    onChange={[Function]}
    type="file"
  />
  <div
    className="ce-file-uploader__container"
  >
    <label
      htmlFor="test"
    >
      Browse
    </label>
     for a file to upload
  </div>
</div>
`;
