// Jest Snapshot v1, https://goo.gl/fbAQLP

exports[`<Alert /> render() render the Alert component 1`] = `
<div
  style={Object {}}
>
  <div
    className="ce-alert ce-alert--info"
  >
    <div
      className="ce-alert__text"
    >
      <span
        dismissible={0}
        type="info"
      >
        alert text
      </span>
    </div>
  </div>
</div>
`;
