// Jest Snapshot v1, https://goo.gl/fbAQLP

exports[`<Input /> render() render the Input component 1`] = `
<div>
  <div
    className="ce-alert ce-alert--info"
  >
    <div
      className="ce-alert__text"
    >
      <span
        address=""
        dismissible={false}
        name=""
        type="info"
      >
        alert text
      </span>
    </div>
  </div>
</div>
`;
