// Jest Snapshot v1, https://goo.gl/fbAQLP

exports[`<Pagination /> render() renders the component 1`] = `
<nav
  className="ce-pagination"
>
  <h1 />
  <ul
    className="ce-pagination__oval-container"
  >
    <button
      className="ce-pagination__arrow ce-pagination__arrow--left"
      onClick={[Function]}
      type="button"
    >
      <SystemIcon
        color="grey "
        name="navigate"
        size="large"
      />
    </button>
    <div
      key="1"
    >
      <li
        className="ce-pagination__page-item"
        key="1"
      >
        <a
          className="ce-pagination__page-link ce-pagination--current "
          href="#"
          onClick={[Function]}
        >
          1
        </a>
      </li>
    </div>
    <div
      key="2"
    >
      <li
        className="ce-pagination__page-item"
        key="2"
      >
        <a
          className="ce-pagination__page-link  "
          href="#"
          onClick={[Function]}
        >
          2
        </a>
      </li>
    </div>
    <div
      key="3"
    >
      <li
        className="ce-pagination__page-item"
        key="3"
      >
        <a
          className="ce-pagination__page-link  "
          href="#"
          onClick={[Function]}
        >
          3
        </a>
      </li>
    </div>
    <div
      key="4"
    >
      <li
        className="ce-pagination__page-item"
        key="4"
      >
        <a
          className="ce-pagination__page-link  "
          href="#"
          onClick={[Function]}
        >
          4
        </a>
      </li>
    </div>
    <div
      key="5"
    >
      <li
        className="ce-pagination__page-item"
        key="5"
      >
        <a
          className="ce-pagination__page-link  "
          href="#"
          onClick={[Function]}
        >
          5
        </a>
      </li>
    </div>
    <li
      className="ce-pagination__page-item"
    >
      <a
        className="ce-pagination__ellipsis"
        href="#"
      >
        ...
      </a>
    </li>
    <li
      className="ce-pagination__page-item"
    >
      <a
        className="ce-pagination__last-page"
        href="#"
        onClick={[Function]}
      >
        8
      </a>
    </li>
    <button
      className="ce-pagination__arrow"
      onClick={[Function]}
      type="button"
    >
      <SystemIcon
        color="black "
        name="navigate"
        size="large"
      />
    </button>
  </ul>
</nav>
`;
