// Jest Snapshot v1, https://goo.gl/fbAQLP

exports[`<Pagination /> render() renders the component 1`] = `
<nav
  className="ce-pagination"
>
  <ul
    className="ce-pagination__container"
  >
    <li
      className="ce-pagination__arrow"
    >
      <button
        disabled={false}
        type="button"
      >
        <SystemIcon
          color="black"
          name="navigate"
          size="large"
        />
      </button>
    </li>
    <li
      className="ce-pagination__arrow"
    >
      <button
        disabled={false}
        type="button"
      >
        <SystemIcon
          color="black"
          name="navigate"
          size="large"
        />
      </button>
    </li>
  </ul>
</nav>
`;
